// Jest Snapshot v1, https://goo.gl/fbAQLP

exports[`App component renders an App 1`] = `<RandomColor />`;
