// Jest Snapshot v1, https://goo.gl/fbAQLP

exports[`ColorDisplay component renders a color display 1`] = `
<div
  className="ColorDisplay"
  style={
    Object {
      "backgroundColor": "FF0000",
    }
  }
/>
`;
