// Jest Snapshot v1, https://goo.gl/fbAQLP

exports[`ColorPicker component renders a ColorPicker 1`] = `
<section
  className="ColorPicker"
>
  <button
    className="red"
    onClick={[Function]}
  >
    Red
  </button>
  <button
    className="yellow"
    onClick={[Function]}
  >
    Yellow
  </button>
  <button
    className="blue"
    onClick={[Function]}
  >
    Blue
  </button>
  <div
    className=""
  />
</section>
`;
