// Jest Snapshot v1, https://goo.gl/fbAQLP

exports[`RandomColor component renders a random color 1`] = `
<div
  style={
    Object {
      "background": "",
      "height": "20em",
      "width": "20em",
    }
  }
/>
`;
